sts-fips.us-east-1.amazonaws.com
sts-fips.us-east-2.amazonaws.com
sts-fips.us-west-1.amazonaws.com
sts-fips.us-west-2.amazonaws.com
sts.af-south-1.amazonaws.com
sts.amazonaws.com
sts.ap-east-1.amazonaws.com
sts.ap-northeast-1.amazonaws.com
sts.ap-northeast-2.amazonaws.com
sts.ap-northeast-3.amazonaws.com
sts.ap-south-1.amazonaws.com
sts.ap-south-2.amazonaws.com
sts.ap-southeast-1.amazonaws.com
sts.ap-southeast-2.amazonaws.com
sts.ap-southeast-3.amazonaws.com
sts.ap-southeast-4.amazonaws.com
sts.ca-central-1.amazonaws.com
sts.cn-north-1.amazonaws.com.cn
sts.cn-northwest-1.amazonaws.com.cn
sts.eu-central-1.amazonaws.com
sts.eu-central-2.amazonaws.com
sts.eu-north-1.amazonaws.com
sts.eu-south-1.amazonaws.com
sts.eu-south-2.amazonaws.com
sts.eu-west-1.amazonaws.com
sts.eu-west-2.amazonaws.com
sts.eu-west-3.amazonaws.com
sts.me-central-1.amazonaws.com
sts.me-south-1.amazonaws.com
sts.sa-east-1.amazonaws.com
sts.us-east-1.amazonaws.com
sts.us-east-2.amazonaws.com
sts.us-gov-east-1.amazonaws.com
sts.us-gov-west-1.amazonaws.com
sts.us-iso-east-1.c2s.ic.gov
sts.us-iso-west-1.c2s.ic.gov
sts.us-isob-east-1.sc2s.sgov.gov
sts.us-west-1.amazonaws.com
sts.us-west-2.amazonaws.com
